Thu Mar 26 04:45:01 PM MSK 2026: VPN down, reconnecting...
Error: Connection activation failed: Not authorized to control networking.
Error: Connection activation failed: Not authorized to control networking.
Error: Connection activation failed: Not authorized to control networking.
Thu Mar 26 04:45:16 PM MSK 2026: FAILED to restore VPN after 3 attempts
Thu Mar 26 10:45:26 PM MSK 2026: VPN down, reconnecting...
Error: Connection activation failed: Not authorized to control networking.
Error: Connection activation failed: Not authorized to control networking.
Error: Connection activation failed: Not authorized to control networking.
Thu Mar 26 10:45:41 PM MSK 2026: FAILED to restore VPN after 3 attempts
Thu Mar 26 11:00:01 PM MSK 2026: VPN down, reconnecting...
Error: Connection activation failed: Not authorized to control networking.
Error: Connection activation failed: Not authorized to control networking.
Error: Connection activation failed: Not authorized to control networking.
Thu Mar 26 11:00:16 PM MSK 2026: FAILED to restore VPN after 3 attempts
Thu Mar 26 11:15:01 PM MSK 2026: VPN down, reconnecting...
Error: Connection activation failed: Not authorized to control networking.
Error: Connection activation failed: Not authorized to control networking.
Error: Connection activation failed: Not authorized to control networking.
Thu Mar 26 11:15:16 PM MSK 2026: FAILED to restore VPN after 3 attempts
Thu Mar 26 11:30:01 PM MSK 2026: VPN down, reconnecting...
Error: Connection activation failed: Not authorized to control networking.
Error: Connection activation failed: Not authorized to control networking.
Error: Connection activation failed: Not authorized to control networking.
Thu Mar 26 11:30:16 PM MSK 2026: FAILED to restore VPN after 3 attempts
Thu Mar 26 11:45:01 PM MSK 2026: VPN down, reconnecting...
Error: Connection activation failed: Not authorized to control networking.
Error: Connection activation failed: Not authorized to control networking.
Error: Connection activation failed: Not authorized to control networking.
Thu Mar 26 11:45:16 PM MSK 2026: FAILED to restore VPN after 3 attempts
Fri Mar 27 12:00:01 AM MSK 2026: VPN down, reconnecting...
Error: Connection activation failed: Not authorized to control networking.
Error: Connection activation failed: Not authorized to control networking.
Error: Connection activation failed: Not authorized to control networking.
Fri Mar 27 12:00:16 AM MSK 2026: FAILED to restore VPN after 3 attempts
Fri Mar 27 12:15:01 AM MSK 2026: VPN down, reconnecting...
Error: Connection activation failed: Not authorized to control networking.
Error: Connection activation failed: Not authorized to control networking.
Error: Connection activation failed: Not authorized to control networking.
Fri Mar 27 12:15:16 AM MSK 2026: FAILED to restore VPN after 3 attempts
Fri Mar 27 12:30:01 AM MSK 2026: VPN down, reconnecting...
Error: Connection activation failed: Not authorized to control networking.
Error: Connection activation failed: Not authorized to control networking.
Error: Connection activation failed: Not authorized to control networking.
Fri Mar 27 12:30:16 AM MSK 2026: FAILED to restore VPN after 3 attempts
Fri Mar 27 12:45:01 AM MSK 2026: VPN down, reconnecting...
Error: Connection activation failed: Not authorized to control networking.
Error: Connection activation failed: Not authorized to control networking.
Error: Connection activation failed: Not authorized to control networking.
Fri Mar 27 12:45:16 AM MSK 2026: FAILED to restore VPN after 3 attempts
Fri Mar 27 01:00:01 AM MSK 2026: VPN down, reconnecting...
Error: Connection activation failed: Not authorized to control networking.
Error: Connection activation failed: Not authorized to control networking.
Error: Connection activation failed: Not authorized to control networking.
Fri Mar 27 01:00:17 AM MSK 2026: FAILED to restore VPN after 3 attempts
Fri Mar 27 01:15:01 AM MSK 2026: VPN down, reconnecting...
Error: Connection activation failed: Not authorized to control networking.
Error: Connection activation failed: Not authorized to control networking.
Error: Connection activation failed: Not authorized to control networking.
Fri Mar 27 01:15:16 AM MSK 2026: FAILED to restore VPN after 3 attempts
Fri Mar 27 01:30:01 AM MSK 2026: VPN down, reconnecting...
Error: Connection activation failed: Not authorized to control networking.
Error: Connection activation failed: Not authorized to control networking.
Error: Connection activation failed: Not authorized to control networking.
Fri Mar 27 01:30:16 AM MSK 2026: FAILED to restore VPN after 3 attempts
Fri Mar 27 01:45:01 AM MSK 2026: VPN down, reconnecting...
Error: Connection activation failed: Not authorized to control networking.
Error: Connection activation failed: Not authorized to control networking.
Error: Connection activation failed: Not authorized to control networking.
Fri Mar 27 01:45:16 AM MSK 2026: FAILED to restore VPN after 3 attempts
Fri Mar 27 02:00:01 AM MSK 2026: VPN down, reconnecting...
Error: Connection activation failed: Not authorized to control networking.
Error: Connection activation failed: Not authorized to control networking.
Error: Connection activation failed: Not authorized to control networking.
Fri Mar 27 02:00:16 AM MSK 2026: FAILED to restore VPN after 3 attempts
Fri Mar 27 02:15:01 AM MSK 2026: VPN down, reconnecting...
Error: Connection activation failed: Not authorized to control networking.
Error: Connection activation failed: Not authorized to control networking.
Error: Connection activation failed: Not authorized to control networking.
Fri Mar 27 02:15:16 AM MSK 2026: FAILED to restore VPN after 3 attempts
Fri Mar 27 02:30:01 AM MSK 2026: VPN down, reconnecting...
Error: Connection activation failed: Not authorized to control networking.
Error: Connection activation failed: Not authorized to control networking.
Error: Connection activation failed: Not authorized to control networking.
Fri Mar 27 02:30:17 AM MSK 2026: FAILED to restore VPN after 3 attempts
Fri Mar 27 02:45:01 AM MSK 2026: VPN down, reconnecting...
Error: Connection activation failed: Not authorized to control networking.
Error: Connection activation failed: Not authorized to control networking.
Error: Connection activation failed: Not authorized to control networking.
Fri Mar 27 02:45:16 AM MSK 2026: FAILED to restore VPN after 3 attempts
Fri Mar 27 03:00:01 AM MSK 2026: VPN down, reconnecting...
Error: Connection activation failed: Not authorized to control networking.
Error: Connection activation failed: Not authorized to control networking.
Error: Connection activation failed: Not authorized to control networking.
Fri Mar 27 03:00:16 AM MSK 2026: FAILED to restore VPN after 3 attempts
Fri Mar 27 03:15:01 AM MSK 2026: VPN down, reconnecting...
Error: Connection activation failed: Not authorized to control networking.
Error: Connection activation failed: Not authorized to control networking.
Error: Connection activation failed: Not authorized to control networking.
Fri Mar 27 03:15:16 AM MSK 2026: FAILED to restore VPN after 3 attempts
Fri Mar 27 03:30:01 AM MSK 2026: VPN down, reconnecting...
Error: Connection activation failed: Not authorized to control networking.
Error: Connection activation failed: Not authorized to control networking.
Error: Connection activation failed: Not authorized to control networking.
Fri Mar 27 03:30:16 AM MSK 2026: FAILED to restore VPN after 3 attempts
Fri Mar 27 03:45:01 AM MSK 2026: VPN down, reconnecting...
Error: Connection activation failed: Not authorized to control networking.
Error: Connection activation failed: Not authorized to control networking.
Error: Connection activation failed: Not authorized to control networking.
Fri Mar 27 03:45:16 AM MSK 2026: FAILED to restore VPN after 3 attempts
Fri Mar 27 04:00:01 AM MSK 2026: VPN down, reconnecting...
Error: Connection activation failed: Not authorized to control networking.
Error: Connection activation failed: Not authorized to control networking.
Error: Connection activation failed: Not authorized to control networking.
Fri Mar 27 04:00:16 AM MSK 2026: FAILED to restore VPN after 3 attempts
Fri Mar 27 04:15:01 AM MSK 2026: VPN down, reconnecting...
Error: Connection activation failed: Not authorized to control networking.
Error: Connection activation failed: Not authorized to control networking.
Error: Connection activation failed: Not authorized to control networking.
Fri Mar 27 04:15:16 AM MSK 2026: FAILED to restore VPN after 3 attempts
Fri Mar 27 04:30:01 AM MSK 2026: VPN down, reconnecting...
Error: Connection activation failed: Not authorized to control networking.
Error: Connection activation failed: Not authorized to control networking.
Error: Connection activation failed: Not authorized to control networking.
Fri Mar 27 04:30:16 AM MSK 2026: FAILED to restore VPN after 3 attempts
Fri Mar 27 04:45:01 AM MSK 2026: VPN down, reconnecting...
Error: Connection activation failed: Not authorized to control networking.
Error: Connection activation failed: Not authorized to control networking.
Error: Connection activation failed: Not authorized to control networking.
Fri Mar 27 04:45:16 AM MSK 2026: FAILED to restore VPN after 3 attempts
Fri Mar 27 05:00:01 AM MSK 2026: VPN down, reconnecting...
Error: Connection activation failed: Not authorized to control networking.
Error: Connection activation failed: Not authorized to control networking.
Error: Connection activation failed: Not authorized to control networking.
Fri Mar 27 05:00:16 AM MSK 2026: FAILED to restore VPN after 3 attempts
Fri Mar 27 05:15:01 AM MSK 2026: VPN down, reconnecting...
Error: Connection activation failed: Not authorized to control networking.
Error: Connection activation failed: Not authorized to control networking.
Error: Connection activation failed: Not authorized to control networking.
Fri Mar 27 05:15:16 AM MSK 2026: FAILED to restore VPN after 3 attempts
Fri Mar 27 05:30:01 AM MSK 2026: VPN down, reconnecting...
Error: Connection activation failed: Not authorized to control networking.
Error: Connection activation failed: Not authorized to control networking.
Error: Connection activation failed: Not authorized to control networking.
Fri Mar 27 05:30:16 AM MSK 2026: FAILED to restore VPN after 3 attempts
Fri Mar 27 05:45:01 AM MSK 2026: VPN down, reconnecting...
Error: Connection activation failed: Not authorized to control networking.
Error: Connection activation failed: Not authorized to control networking.
Error: Connection activation failed: Not authorized to control networking.
Fri Mar 27 05:45:16 AM MSK 2026: FAILED to restore VPN after 3 attempts
Fri Mar 27 06:00:01 AM MSK 2026: VPN down, reconnecting...
Error: Connection activation failed: Not authorized to control networking.
Error: Connection activation failed: Not authorized to control networking.
Error: Connection activation failed: Not authorized to control networking.
Fri Mar 27 06:00:16 AM MSK 2026: FAILED to restore VPN after 3 attempts
Fri Mar 27 06:15:01 AM MSK 2026: VPN down, reconnecting...
Error: Connection activation failed: Not authorized to control networking.
Error: Connection activation failed: Not authorized to control networking.
Error: Connection activation failed: Not authorized to control networking.
Fri Mar 27 06:15:16 AM MSK 2026: FAILED to restore VPN after 3 attempts
Fri Mar 27 06:30:01 AM MSK 2026: VPN down, reconnecting...
Error: Connection activation failed: Not authorized to control networking.
Error: Connection activation failed: Not authorized to control networking.
Error: Connection activation failed: Not authorized to control networking.
Fri Mar 27 06:30:16 AM MSK 2026: FAILED to restore VPN after 3 attempts
Fri Mar 27 06:45:01 AM MSK 2026: VPN down, reconnecting...
Error: Connection activation failed: Not authorized to control networking.
Error: Connection activation failed: Not authorized to control networking.
Error: Connection activation failed: Not authorized to control networking.
Fri Mar 27 06:45:16 AM MSK 2026: FAILED to restore VPN after 3 attempts
Fri Mar 27 07:00:01 AM MSK 2026: VPN down, reconnecting...
Error: Connection activation failed: Not authorized to control networking.
Error: Connection activation failed: Not authorized to control networking.
Error: Connection activation failed: Not authorized to control networking.
Fri Mar 27 07:00:16 AM MSK 2026: FAILED to restore VPN after 3 attempts
Fri Mar 27 07:15:01 AM MSK 2026: VPN down, reconnecting...
Error: Connection activation failed: Not authorized to control networking.
Error: Connection activation failed: Not authorized to control networking.
Error: Connection activation failed: Not authorized to control networking.
Fri Mar 27 07:15:17 AM MSK 2026: FAILED to restore VPN after 3 attempts
Fri Mar 27 07:30:01 AM MSK 2026: VPN down, reconnecting...
Error: Connection activation failed: Not authorized to control networking.
Error: Connection activation failed: Not authorized to control networking.
Error: Connection activation failed: Not authorized to control networking.
Fri Mar 27 07:30:16 AM MSK 2026: FAILED to restore VPN after 3 attempts
Fri Mar 27 07:45:01 AM MSK 2026: VPN down, reconnecting...
Error: Connection activation failed: Not authorized to control networking.
Error: Connection activation failed: Not authorized to control networking.
Error: Connection activation failed: Not authorized to control networking.
Fri Mar 27 07:45:16 AM MSK 2026: FAILED to restore VPN after 3 attempts
Fri Mar 27 08:00:02 AM MSK 2026: VPN down, reconnecting...
Error: Connection activation failed: Not authorized to control networking.
Error: Connection activation failed: Not authorized to control networking.
Error: Connection activation failed: Not authorized to control networking.
Fri Mar 27 08:00:17 AM MSK 2026: FAILED to restore VPN after 3 attempts
Fri Mar 27 08:15:01 AM MSK 2026: VPN down, reconnecting...
Error: Connection activation failed: Not authorized to control networking.
Error: Connection activation failed: Not authorized to control networking.
Error: Connection activation failed: Not authorized to control networking.
Fri Mar 27 08:15:16 AM MSK 2026: FAILED to restore VPN after 3 attempts
Fri Mar 27 08:30:01 AM MSK 2026: VPN down, reconnecting...
Error: Connection activation failed: Not authorized to control networking.
Error: Connection activation failed: Not authorized to control networking.
Error: Connection activation failed: Not authorized to control networking.
Fri Mar 27 08:30:16 AM MSK 2026: FAILED to restore VPN after 3 attempts
Fri Mar 27 08:45:01 AM MSK 2026: VPN down, reconnecting...
Error: Connection activation failed: Not authorized to control networking.
Error: Connection activation failed: Not authorized to control networking.
Error: Connection activation failed: Not authorized to control networking.
Fri Mar 27 08:45:16 AM MSK 2026: FAILED to restore VPN after 3 attempts
Fri Mar 27 09:00:01 AM MSK 2026: VPN down, reconnecting...
Error: Connection activation failed: Not authorized to control networking.
Error: Connection activation failed: Not authorized to control networking.
Error: Connection activation failed: Not authorized to control networking.
Fri Mar 27 09:00:16 AM MSK 2026: FAILED to restore VPN after 3 attempts
Fri Mar 27 09:15:01 AM MSK 2026: VPN down, reconnecting...
Error: Connection activation failed: Not authorized to control networking.
Error: Connection activation failed: Not authorized to control networking.
Error: Connection activation failed: Not authorized to control networking.
Fri Mar 27 09:15:16 AM MSK 2026: FAILED to restore VPN after 3 attempts
Fri Mar 27 09:30:01 AM MSK 2026: VPN down, reconnecting...
Error: Connection activation failed: Not authorized to control networking.
Error: Connection activation failed: Not authorized to control networking.
Error: Connection activation failed: Not authorized to control networking.
Fri Mar 27 09:30:16 AM MSK 2026: FAILED to restore VPN after 3 attempts
Fri Mar 27 09:45:01 AM MSK 2026: VPN down, reconnecting...
Error: Connection activation failed: Not authorized to control networking.
Error: Connection activation failed: Not authorized to control networking.
Error: Connection activation failed: Not authorized to control networking.
Fri Mar 27 09:45:17 AM MSK 2026: FAILED to restore VPN after 3 attempts
Fri Mar 27 10:00:01 AM MSK 2026: VPN down, reconnecting...
Error: Connection activation failed: Not authorized to control networking.
Error: Connection activation failed: Not authorized to control networking.
Error: Connection activation failed: Not authorized to control networking.
Fri Mar 27 10:00:16 AM MSK 2026: FAILED to restore VPN after 3 attempts
Fri Mar 27 10:15:01 AM MSK 2026: VPN down, reconnecting...
Error: Connection activation failed: Not authorized to control networking.
Error: Connection activation failed: Not authorized to control networking.
Error: Connection activation failed: Not authorized to control networking.
Fri Mar 27 10:15:16 AM MSK 2026: FAILED to restore VPN after 3 attempts
Fri Mar 27 10:30:01 AM MSK 2026: VPN down, reconnecting...
Error: Connection activation failed: Not authorized to control networking.
Error: Connection activation failed: Not authorized to control networking.
Error: Connection activation failed: Not authorized to control networking.
Fri Mar 27 10:30:16 AM MSK 2026: FAILED to restore VPN after 3 attempts
Fri Mar 27 10:45:01 AM MSK 2026: VPN down, reconnecting...
Error: Connection activation failed: Not authorized to control networking.
Error: Connection activation failed: Not authorized to control networking.
Error: Connection activation failed: Not authorized to control networking.
Fri Mar 27 10:45:17 AM MSK 2026: FAILED to restore VPN after 3 attempts
Fri Mar 27 11:00:01 AM MSK 2026: VPN down, reconnecting...
Error: Connection activation failed: Not authorized to control networking.
Error: Connection activation failed: Not authorized to control networking.
Error: Connection activation failed: Not authorized to control networking.
Fri Mar 27 11:00:17 AM MSK 2026: FAILED to restore VPN after 3 attempts
Fri Mar 27 11:15:01 AM MSK 2026: VPN down, reconnecting...
Error: Connection activation failed: Not authorized to control networking.
Error: Connection activation failed: Not authorized to control networking.
Error: Connection activation failed: Not authorized to control networking.
Fri Mar 27 11:15:16 AM MSK 2026: FAILED to restore VPN after 3 attempts
Fri Mar 27 11:30:01 AM MSK 2026: VPN down, reconnecting...
Error: Connection activation failed: Not authorized to control networking.
Error: Connection activation failed: Not authorized to control networking.
Error: Connection activation failed: Not authorized to control networking.
Fri Mar 27 11:30:17 AM MSK 2026: FAILED to restore VPN after 3 attempts
Fri Mar 27 11:45:01 AM MSK 2026: VPN down, reconnecting...
Error: Connection activation failed: Not authorized to control networking.
Error: Connection activation failed: Not authorized to control networking.
Error: Connection activation failed: Not authorized to control networking.
Fri Mar 27 11:45:16 AM MSK 2026: FAILED to restore VPN after 3 attempts
Fri Mar 27 12:00:01 PM MSK 2026: VPN down, reconnecting...
Error: Connection activation failed: Not authorized to control networking.
Error: Connection activation failed: Not authorized to control networking.
Error: Connection activation failed: Not authorized to control networking.
Fri Mar 27 12:00:16 PM MSK 2026: FAILED to restore VPN after 3 attempts
Fri Mar 27 12:15:01 PM MSK 2026: VPN down, reconnecting...
Error: Connection activation failed: Not authorized to control networking.
Error: Connection activation failed: Not authorized to control networking.
Error: Connection activation failed: Not authorized to control networking.
Fri Mar 27 12:15:16 PM MSK 2026: FAILED to restore VPN after 3 attempts
Fri Mar 27 12:30:01 PM MSK 2026: VPN down, reconnecting...
Error: Connection activation failed: Not authorized to control networking.
Error: Connection activation failed: Not authorized to control networking.
Error: Connection activation failed: Not authorized to control networking.
Fri Mar 27 12:30:16 PM MSK 2026: FAILED to restore VPN after 3 attempts
Fri Mar 27 12:45:01 PM MSK 2026: VPN down, reconnecting...
Error: Connection activation failed: Not authorized to control networking.
Error: Connection activation failed: Not authorized to control networking.
Error: Connection activation failed: Not authorized to control networking.
Fri Mar 27 12:45:16 PM MSK 2026: FAILED to restore VPN after 3 attempts
